// Jest Snapshot v1, https://goo.gl/fbAQLP

exports[`<Main /> shoulder render the heading 1`] = `
<main
  class="styles__Wrapper-sc-dzx1ao-0 fpuzMP"
>
  <h1
    class="styles__Title-sc-dzx1ao-1 irNnjY"
  >
    Boilerplatezada.
  </h1>
</main>
`
